_off^_usr, _off^_usr, _off^_usr, _off^_usr, _off^_usr, _off^_usr, _off^_usr, _off^_usr, _off^_usr, _off^_usr, _off^_usr, _off^_usr, _off^_usr, _off^_usr, _off^_usr, _off^_usr, _off^_usr, _off^_usr, _off^_usr, _off^_usr, _off^_usr, _off^_usr, _off^_usr, _off^_usr, _off^_usr, _off^_usr, _off^_usr, _off^_usr, _off^_usr, _off^_usr, _off^_usr
_off^_usr, _off^_usr, _off^_usr, _off^_usr, _off^_usr, _off^_usr, _off^_usr, _off^_usr, _off^_usr, _off^_usr, _off^_usr, _off^_usr, _off^_usr, _off^_usr, Hhd, Hhd, Hhd, _off^_usr, _off^_usr, _off^_usr, _off^_usr, _off^_usr, _off^_usr, _off^_usr, _off^_usr, _off^_usr, _off^_usr, _off^_usr, _off^_usr, _off^_usr, _off^_usr
_off^_usr, _off^_usr, _off^_usr, _off^_usr, _off^_usr, _off^_usr, _off^_usr, _off^_usr, _off^_usr, _off^_usr, _off^_usr, _off^_usr, Ce, Gd^Br|, Rp, Rp, Rp, Gd, Wwg, _off^_usr, _off^_usr, _off^_usr, _off^_usr, _off^_usr, _off^_usr, _off^_usr, _off^_usr, _off^_usr, _off^_usr, _off^_usr, _off^_usr
_off^_usr, _off^_usr, _off^_usr, _off^_usr, _off^_usr, _off^_usr, _off^_usr, _off^_usr, _off^_usr, _off^_usr, Gd, Rb, Ztr, Rb^Br|, Rp, Rp^Vfac, Rp, Gd, Wwg, Gd^Gvs, Gd, _off^_usr, _off^_usr, _off^_usr, _off^_usr, _off^_usr, _off^_usr, _off^_usr, _off^_usr, _off^_usr, _off^_usr
_off^_usr, _off^_usr, _off^_usr, _off^_usr, _off^_usr, _off^_usr, _off^_usr, _off^_usr, Gd, Gd^Gvs, Gd^Gvs, Rb^Edt, Ztr, Rb^Br\, Rb^Br\, Rp, Rp, Wwg, Gd^Gvs, Gd^Gvs, Gll^Fmf, Gll^Fmf, Gll^Fmf, _off^_usr, _off^_usr, _off^_usr, _off^_usr, _off^_usr, _off^_usr, _off^_usr, _off^_usr
_off^_usr, _off^_usr, _off^_usr, _off^_usr, _off^_usr, _off^_usr, Rb^Edt, Rb^Edt, Rb, Gd^Gvs, Gll^Fmf, Rb, Rb, Ztr, Ztr, Rb^Br|, Rp, Wwg, Rr, Gd^Vl, Rr, Gd, Gll^Fmf, Gll^Fmw, Gll^Fdf, _off^_usr, _off^_usr, _off^_usr, _off^_usr, _off^_usr, _off^_usr
_off^_usr, _off^_usr, _off^_usr, _off^_usr, Ias, Ias, Rb, Ztr, Rb, Gd, Gll^Fmf, Gll^Fmf, Gd, Rb^Edt, Ztr, Rb^Br|, Rp, Wwg^Bsb/, Wwg, Rr, Ias, Rr, Cud, Gll^Fmw, Gll^Fdf, Gll^Fdf, Gll^Fmw, _off^_usr, _off^_usr, _off^_usr, _off^_usr
_off^_usr, _off^_usr, Ias, Ias, Ias, Ias, Rb, Ztr, Ztr, Rb^Es, Gd, Gs^Vl, Gd^Gvs, Rb, Ztr, Rb^Br|, Gd, Gll^Fmf, Gd, Wwg, Ias, Rr, Rr, Cud, Cud, Gll^Fmw, Gll^Fmw, Gll^Fmw, Gll^Fmf, _off^_usr, _off^_usr
_off^_usr, Rr, Rr, Rr, Rr, Rr, Rr, Rb, Ztr, Rb^Edt, Rb, Gd^Gvs, Rb, Ce, Rb^Br|, Rb^Br/, Hhd, Gd, Hhd, Wwg, Ias, Ias, Ias, Rr, Rr, Cud, Cud, Gll^Fmf, Rr, Rr, _off^_usr
_off^_usr, Gll^Fp, Gll^Fp, 2 Kud, Rr, Rp^Vfac, Rr, Rb, Rb^Fmf, Ztr, Rb^Edt, Gd, Rb, Ztr, Rb^Br|, Mm^Xm, Mm^Xm, Hhd, Wwg, Wwg, Ias, Ias, Rr, Ias, Ias, Rr, Rr, 1 Kud, Rr, Ias, _off^_usr
_off^_usr, Gll^Fp, Gll^Fmw, Cud, Rr, Rr, Ias, Gll^Fmf, Gll^Fmf, Rb^Edt, Rb^Edt, Rb^Es, Ztr^Vu, Ztr, Rb^Br\, Rb^Vfac, Mm^Xm, Hhd, Ch, Gll^Fmf, Rr, Rr, Rb, Rr, Rr, Rr, Rp^Vfac, Rr, Ias, Ias, _off^_usr
_off^_usr, Gll^Fmw, Gll^Fmw, Cud, Rr, Ias, Ias, Cud, Ztr, Rb, Ztr, Ztr, Rb^Edt, Ztr, Ztr, Rb^Br|, Ias, Rb, Rr^Vhc, Rr, Rb, Rb, Ztr, Cud, Gll^Fmf, Rr, Rr, Rr, Ias, Ias, _off^_usr
_off^_usr, Gll^Fmw, Gll^Fmw, Cud, Rr, Rr, Rr, Rb, Rb, Ztr, Rb^Fmw, Rb^Fmw, Ias, Ias, Ztr, Rb^Br|, Ias, Ias, Ias, Ch, Rb^Fmw, Ztr, Rb^Edt, Gll^Fmf, Rb^Fmf, Rb, Rb, Rb, Rb, Ias, _off^_usr
_off^_usr, Gll^Fmw, Gll^Fp, Cud, Rr, Ias, Ias, Rr, Rr, Rb, Ch, Rb, Rb^Vfac, Ias, Ch, Rb^Br|, Rr^Vhc, Ias, Rb^Vfac, Rb, Rb^Fmw, Ztr, Rb^Es, Rb^Edt, Ztr, Ztr, Ztr, Ztr, Ztr, Rb, _off^_usr
_off^_usr, Gll^Fmw, Gll^Fp, Cud, Rr, Ias, Ias, Ias, Gll^Fmf, Rr, Rr^Vhc, Ias, Ias, Rb, Ias^Br|, Ias^Br/, Ias^Br\, Rb, Ias, Ias, Rb^Es, Ztr, Rb^Edt, Rb^Es, Rb^Edt, Rb^Edt, Rb, Rb, Rb, Rb, _off^_usr
_off^_usr, Gll^Fmw, Gll^Fp, Gd, Rr, Ias, Wwg, Wwg, Wwg, Ch, Rb, Ias, Ias, Rr^Vhc, Ias^Br/, 4 Ias^Vfac, Ias^Br|, Ch, Ztr, Ias, Ztr, Ztr^Vu, Rb, Gd, Gd^Gvs, Gd^Gvs, Gll^Fmf, Gll^Fmf, Gd^Gvs, Gd, _off^_usr
_off^_usr, Gll^Fp, Gll^Fp, Gd, Rr, Wwg, Gd, Hhd, Hhd, Hhd, Mm^Xm, Ias, Rb^Br/, Rb^Br/, Ch, Ias, Rr^Vhc, Rb^Br\, Rb^Br\, Ztr, Rb^Br/, Ztr, Ztr, Rb, Gd, Gs^Vl, Gd, Gll^Fmf, Gd^Gvs, Gd^Gvs, _off^_usr
_off^_usr, Gd, Gd^Gvs, Gd^Vl, Rr, Wwg, Gll^Fmf, Gd, Hhd, Mm^Xm, Rb^Vfac, Rb^Br/, Ztr, Ztr, Ias, Rb, Ias, Ias, Ias, Rb^Br\, Rb^Vfac, Rb^Br\, Rb^Br\, Ce, Rb, Gd^Edt, Rb, Rb, Rb, Gd, _off^_usr
_off^_usr, Gd^Gvs, Wwg, Gd^Gvs, Wwg, Wwg^Bsb\, Rp, Gd, Rb^Br/, Mm^Xm, Rb^Br/, Rb^Br|, Ztr, Ias, Ias, Rb^Vfac, Ias, Ias, Rb, Mm^Xm, Mm^Xm, Mm^Xm, Rb^Br|, Ztr, Ztr, Rb, Ztr, Ztr, Ztr, Rb, _off^_usr
_off^_usr, Wwg, Gd, Wwg, Rp, Rp, Rb^Br/, Rb^Br/, Ztr, Rb^Br\, Ztr, Ztr^Edt, Ztr^Vu, Rb^Fmw, Rb^Fmw, Rb, Ch, Rr^Vhc, Ch, Hhd, Hhd, Hhd, Gd, Rb^Br\, Rb^Br\, Ztr, Rb^Br/, Rb^Br\, Rb^Br\, Ce, _off^_usr
_off^_usr, Gd, Rp, Rp, Rp, Rb^Br/, Ztr, Ztr, Rb, Ce, Rb, Rb^Edt, Rb^Edt, Ztr, Ztr, Rb^Es, Rb, Rr, Gll^Fmf, Wwg, Hhd, Gd, Gll^Fmf, Rp, Rp, Rb^Br\, Rp, Rp, Rp, Gd^Br\, _off^_usr
_off^_usr, Hhd, Rp, Rp^Vfac, Rp, Rb^Br|, Ztr, Rb^Es, Gd^Edt, Gd^Gvs, Gd^Gvs, Gd^Edt, Rb^Edt, Rb^Es, Rb, Ztr, Rb, Rr, Ias, Wwg, Wwg, Gd, Wwg, Wwg^Bsb|, Wwg, Rp, Rp, Rp^Vfac, Rp, Hhd, _off^_usr
_off^_usr, Hhd, Hhd, Rp, Rb^Br/, Rb^Br|, Ztr, Rb, Gll^Fmf, Gs^Vl, Gd^Edt, Rb, Ztr, Rb, Gll^Fmf, Ztr, Rb, Rr, Ias, Ias, Ias, Wwg, Rr, Rr, Gd^Gvs, Wwg, Gd, Rp, Hhd, Hhd, _off^_usr
_off^_usr, _off^_usr, _off^_usr, Gd^Br/, Ce, Ztr, Rb, Rb, Gll^Fmf, Gll^Fmf, Rb, Rb, Ztr, Rb^Fmf, Gll^Fmf, Cud, Ias, Rr, Ias, Ias, Rr, Rr, Ias, Gd^Vl, Gd^Gvs, Wwg, Wwg, Gd, _off^_usr, _off^_usr, _off^_usr
_off^_usr, _off^_usr, _off^_usr, _off^_usr, _off^_usr, Rb, Gd, Gd^Gvs, Gd^Gvs, Gd, Rb, Ztr, Rb, Rb, Rr, Ias, Ias, Rr, Rr, Rr, Cud, Ias, Gll^Fdw, Gll^Fmw, Gd, Gd^Gvs, _off^_usr, _off^_usr, _off^_usr, _off^_usr, _off^_usr
_off^_usr, _off^_usr, _off^_usr, _off^_usr, _off^_usr, _off^_usr, _off^_usr, Gd^Gvs, Gd, Rb^Es, Ztr, Ztr, Rb, Rr, Rp^Vfac, Rr, Rr, Rr, Cud, Cud, Gll^Fdf, Gll^Fdw, Gll^Fdw, Gll^Fmw, _off^_usr, _off^_usr, _off^_usr, _off^_usr, _off^_usr, _off^_usr, _off^_usr
_off^_usr, _off^_usr, _off^_usr, _off^_usr, _off^_usr, _off^_usr, _off^_usr, _off^_usr, _off^_usr, Rb, Rb, Rb, Ias^Es, Rr, Rr, Rr, Cud, Cud, Gll^Fmw, Gll^Fdf, Gll^Fdf, Gll^Fdw, _off^_usr, _off^_usr, _off^_usr, _off^_usr, _off^_usr, _off^_usr, _off^_usr, _off^_usr, _off^_usr
_off^_usr, _off^_usr, _off^_usr, _off^_usr, _off^_usr, _off^_usr, _off^_usr, _off^_usr, _off^_usr, _off^_usr, _off^_usr, Ias, Ias, Ias, Rr, 3 Kud, Gll^Fmw, Gll^Fmw, Gll^Fdf, Gll^Fdf, _off^_usr, _off^_usr, _off^_usr, _off^_usr, _off^_usr, _off^_usr, _off^_usr, _off^_usr, _off^_usr, _off^_usr, _off^_usr
_off^_usr, _off^_usr, _off^_usr, _off^_usr, _off^_usr, _off^_usr, _off^_usr, _off^_usr, _off^_usr, _off^_usr, _off^_usr, _off^_usr, _off^_usr, Ias, Ias, Rr, Gll^Fmw, Gll^Fmw, _off^_usr, _off^_usr, _off^_usr, _off^_usr, _off^_usr, _off^_usr, _off^_usr, _off^_usr, _off^_usr, _off^_usr, _off^_usr, _off^_usr, _off^_usr
_off^_usr, _off^_usr, _off^_usr, _off^_usr, _off^_usr, _off^_usr, _off^_usr, _off^_usr, _off^_usr, _off^_usr, _off^_usr, _off^_usr, _off^_usr, _off^_usr, _off^_usr, Rr, _off^_usr, _off^_usr, _off^_usr, _off^_usr, _off^_usr, _off^_usr, _off^_usr, _off^_usr, _off^_usr, _off^_usr, _off^_usr, _off^_usr, _off^_usr, _off^_usr, _off^_usr
_off^_usr, _off^_usr, _off^_usr, _off^_usr, _off^_usr, _off^_usr, _off^_usr, _off^_usr, _off^_usr, _off^_usr, _off^_usr, _off^_usr, _off^_usr, _off^_usr, _off^_usr, _off^_usr, _off^_usr, _off^_usr, _off^_usr, _off^_usr, _off^_usr, _off^_usr, _off^_usr, _off^_usr, _off^_usr, _off^_usr, _off^_usr, _off^_usr, _off^_usr, _off^_usr, _off^_usr
